<?xml version="1.0"?>
<link_info>
   <banner>TI ARM Linker PC v5.1.6</banner>
   <copyright>Copyright (c) 1996-2014 Texas Instruments Incorporated</copyright>
   <link_time>0x54805a59</link_time>
   <link_errors>0x0</link_errors>
   <output_file>N_Body_Force_Calcuation.out</output_file>
   <entry_point>
      <name>_c_int00</name>
      <address>0x196d</address>
   </entry_point>
   <input_file_list>
      <input_file id="fl-3">
         <path>.\</path>
         <kind>object</kind>
         <file>tm4c123ge6pm_startup_ccs.obj</file>
         <name>tm4c123ge6pm_startup_ccs.obj</name>
      </input_file>
      <input_file id="fl-131">
         <path>c:\ti\ccsv6\tools\compiler\arm_5.1.6\lib\</path>
         <kind>archive</kind>
         <file>rtsv7M4_T_le_v4SPD16_eabi.lib</file>
         <name>boot.obj</name>
      </input_file>
      <input_file id="fl-135">
         <path>c:\ti\ccsv6\tools\compiler\arm_5.1.6\lib\</path>
         <kind>archive</kind>
         <file>rtsv7M4_T_le_v4SPD16_eabi.lib</file>
         <name>exit.obj</name>
      </input_file>
      <input_file id="fl-136">
         <path>c:\ti\ccsv6\tools\compiler\arm_5.1.6\lib\</path>
         <kind>archive</kind>
         <file>rtsv7M4_T_le_v4SPD16_eabi.lib</file>
         <name>fd_add_t2.obj</name>
      </input_file>
      <input_file id="fl-137">
         <path>c:\ti\ccsv6\tools\compiler\arm_5.1.6\lib\</path>
         <kind>archive</kind>
         <file>rtsv7M4_T_le_v4SPD16_eabi.lib</file>
         <name>fd_div_t2.obj</name>
      </input_file>
      <input_file id="fl-138">
         <path>c:\ti\ccsv6\tools\compiler\arm_5.1.6\lib\</path>
         <kind>archive</kind>
         <file>rtsv7M4_T_le_v4SPD16_eabi.lib</file>
         <name>fd_mul_t2.obj</name>
      </input_file>
      <input_file id="fl-139">
         <path>c:\ti\ccsv6\tools\compiler\arm_5.1.6\lib\</path>
         <kind>archive</kind>
         <file>rtsv7M4_T_le_v4SPD16_eabi.lib</file>
         <name>fd_toi_t2.obj</name>
      </input_file>
      <input_file id="fl-13a">
         <path>c:\ti\ccsv6\tools\compiler\arm_5.1.6\lib\</path>
         <kind>archive</kind>
         <file>rtsv7M4_T_le_v4SPD16_eabi.lib</file>
         <name>fd_tos_t2.obj</name>
      </input_file>
      <input_file id="fl-13c">
         <path>c:\ti\ccsv6\tools\compiler\arm_5.1.6\lib\</path>
         <kind>archive</kind>
         <file>rtsv7M4_T_le_v4SPD16_eabi.lib</file>
         <name>fs_tod_t2.obj</name>
      </input_file>
      <input_file id="fl-13d">
         <path>c:\ti\ccsv6\tools\compiler\arm_5.1.6\lib\</path>
         <kind>archive</kind>
         <file>rtsv7M4_T_le_v4SPD16_eabi.lib</file>
         <name>memcpy_t2.obj</name>
      </input_file>
      <input_file id="fl-145">
         <path>c:\ti\ccsv6\tools\compiler\arm_5.1.6\lib\</path>
         <kind>archive</kind>
         <file>rtsv7M4_T_le_v4SPD16_eabi.lib</file>
         <name>args_main.obj</name>
      </input_file>
      <input_file id="fl-146">
         <path>c:\ti\ccsv6\tools\compiler\arm_5.1.6\lib\</path>
         <kind>archive</kind>
         <file>rtsv7M4_T_le_v4SPD16_eabi.lib</file>
         <name>auto_init.obj</name>
      </input_file>
      <input_file id="fl-147">
         <path>c:\ti\ccsv6\tools\compiler\arm_5.1.6\lib\</path>
         <kind>archive</kind>
         <file>rtsv7M4_T_le_v4SPD16_eabi.lib</file>
         <name>cpy_tbl.obj</name>
      </input_file>
      <input_file id="fl-149">
         <path>c:\ti\ccsv6\tools\compiler\arm_5.1.6\lib\</path>
         <kind>archive</kind>
         <file>rtsv7M4_T_le_v4SPD16_eabi.lib</file>
         <name>fd_cmp_t2.obj</name>
      </input_file>
      <input_file id="fl-14e">
         <path>C:\ti\TivaWare_C_Series-2.0.1.11577\driverlib\ccs\Debug\</path>
         <kind>archive</kind>
         <file>driverlib.lib</file>
         <name>uart.obj</name>
      </input_file>
      <input_file id="fl-14f">
         <path>C:\ti\TivaWare_C_Series-2.0.1.11577\driverlib\ccs\Debug\</path>
         <kind>archive</kind>
         <file>driverlib.lib</file>
         <name>sysctl.obj</name>
      </input_file>
      <input_file id="fl-150">
         <path>C:\ti\TivaWare_C_Series-2.0.1.11577\driverlib\ccs\Debug\</path>
         <kind>archive</kind>
         <file>driverlib.lib</file>
         <name>interrupt.obj</name>
      </input_file>
      <input_file id="fl-151">
         <path>C:\ti\TivaWare_C_Series-2.0.1.11577\driverlib\ccs\Debug\</path>
         <kind>archive</kind>
         <file>driverlib.lib</file>
         <name>gpio.obj</name>
      </input_file>
      <input_file id="fl-152">
         <path>C:\ti\TivaWare_C_Series-2.0.1.11577\driverlib\ccs\Debug\</path>
         <kind>archive</kind>
         <file>driverlib.lib</file>
         <name>fpu.obj</name>
      </input_file>
      <input_file id="fl-153">
         <path>C:\ti\TivaWare_C_Series-2.0.1.11577\driverlib\ccs\Debug\</path>
         <kind>archive</kind>
         <file>driverlib.lib</file>
         <name>cpu.obj</name>
      </input_file>
      <input_file id="fl-154">
         <path>C:\Users\SUDARS~1\AppData\Local\Temp\</path>
         <kind>object</kind>
         <file>056562</file>
         <name>056562</name>
      </input_file>
      <input_file id="fl-155">
         <path>c:\ti\ccsv6\tools\compiler\arm_5.1.6\lib\</path>
         <kind>archive</kind>
         <file>rtsv7M4_T_le_v4SPD16_eabi.lib</file>
         <name>copy_decompress_none.obj</name>
      </input_file>
      <input_file id="fl-156">
         <path>c:\ti\ccsv6\tools\compiler\arm_5.1.6\lib\</path>
         <kind>archive</kind>
         <file>rtsv7M4_T_le_v4SPD16_eabi.lib</file>
         <name>copy_decompress_rle.obj</name>
      </input_file>
      <input_file id="fl-157">
         <path>c:\ti\ccsv6\tools\compiler\arm_5.1.6\lib\</path>
         <kind>archive</kind>
         <file>rtsv7M4_T_le_v4SPD16_eabi.lib</file>
         <name>copy_zero_init.obj</name>
      </input_file>
   </input_file_list>
   <object_component_list>
      <object_component id="oc-e">
         <name>.intvecs</name>
         <load_address>0x0</load_address>
         <run_address>0x0</run_address>
         <size>0x26c</size>
         <input_file_ref idref="fl-3"/>
      </object_component>
      <object_component id="oc-2f">
         <name>.text</name>
         <load_address>0x26c</load_address>
         <run_address>0x26c</run_address>
         <size>0x756</size>
         <input_file_ref idref="fl-2"/>
      </object_component>
      <object_component id="oc-1cf">
         <name>.text</name>
         <load_address>0x9c2</load_address>
         <run_address>0x9c2</run_address>
         <size>0x2</size>
         <input_file_ref idref="fl-144"/>
      </object_component>
      <object_component id="oc-98">
         <name>.text</name>
         <load_address>0x9c4</load_address>
         <run_address>0x9c4</run_address>
         <size>0x4fc</size>
         <input_file_ref idref="fl-13e"/>
      </object_component>
      <object_component id="oc-8e">
         <name>.text</name>
         <load_address>0xec0</load_address>
         <run_address>0xec0</run_address>
         <size>0x1b6</size>
         <input_file_ref idref="fl-136"/>
      </object_component>
      <object_component id="oc-6e">
         <name>.text</name>
         <load_address>0x1076</load_address>
         <run_address>0x1076</run_address>
         <size>0x136</size>
         <input_file_ref idref="fl-137"/>
      </object_component>
      <object_component id="oc-17b">
         <name>.text:GPIOPadConfigSet</name>
         <load_address>0x11ac</load_address>
         <run_address>0x11ac</run_address>
         <size>0x130</size>
         <input_file_ref idref="fl-151"/>
      </object_component>
      <object_component id="oc-b0">
         <name>.text:SysCtlClockSet</name>
         <load_address>0x12dc</load_address>
         <run_address>0x12dc</run_address>
         <size>0x104</size>
         <input_file_ref idref="fl-14f"/>
      </object_component>
      <object_component id="oc-93">
         <name>.text</name>
         <load_address>0x13e0</load_address>
         <run_address>0x13e0</run_address>
         <size>0xfc</size>
         <input_file_ref idref="fl-138"/>
      </object_component>
      <object_component id="oc-d4">
         <name>.text:SysCtlClockGet</name>
         <load_address>0x14dc</load_address>
         <run_address>0x14dc</run_address>
         <size>0xc8</size>
         <input_file_ref idref="fl-14f"/>
      </object_component>
      <object_component id="oc-7d">
         <name>.text</name>
         <load_address>0x15a4</load_address>
         <run_address>0x15a4</run_address>
         <size>0xc0</size>
         <input_file_ref idref="fl-13b"/>
      </object_component>
      <object_component id="oc-4d">
         <name>.text</name>
         <load_address>0x1664</load_address>
         <run_address>0x1664</run_address>
         <size>0x9c</size>
         <input_file_ref idref="fl-13d"/>
      </object_component>
      <object_component id="oc-38">
         <name>.text</name>
         <load_address>0x1700</load_address>
         <run_address>0x1700</run_address>
         <size>0x94</size>
         <input_file_ref idref="fl-146"/>
      </object_component>
      <object_component id="oc-14d">
         <name>.text:__aeabi_cdcmple</name>
         <load_address>0x1794</load_address>
         <run_address>0x1794</run_address>
         <size>0x86</size>
         <input_file_ref idref="fl-149"/>
      </object_component>
      <object_component id="oc-e0">
         <name>.text:IntEnable</name>
         <load_address>0x181c</load_address>
         <run_address>0x181c</run_address>
         <size>0x60</size>
         <input_file_ref idref="fl-150"/>
      </object_component>
      <object_component id="oc-60">
         <name>.text</name>
         <load_address>0x187c</load_address>
         <run_address>0x187c</run_address>
         <size>0x5e</size>
         <input_file_ref idref="fl-156"/>
      </object_component>
      <object_component id="oc-73">
         <name>.text</name>
         <load_address>0x18da</load_address>
         <run_address>0x18da</run_address>
         <size>0x4a</size>
         <input_file_ref idref="fl-13a"/>
      </object_component>
      <object_component id="oc-c8">
         <name>.text:GPIOPinConfigure</name>
         <load_address>0x1924</load_address>
         <run_address>0x1924</run_address>
         <size>0x48</size>
         <input_file_ref idref="fl-151"/>
      </object_component>
      <object_component id="oc-11">
         <name>.text</name>
         <load_address>0x196c</load_address>
         <run_address>0x196c</run_address>
         <size>0x48</size>
         <input_file_ref idref="fl-131"/>
      </object_component>
      <object_component id="oc-83">
         <name>.text</name>
         <load_address>0x19b4</load_address>
         <run_address>0x19b4</run_address>
         <size>0x48</size>
         <input_file_ref idref="fl-139"/>
      </object_component>
      <object_component id="oc-124">
         <name>.text</name>
         <load_address>0x19fc</load_address>
         <run_address>0x19fc</run_address>
         <size>0x44</size>
         <input_file_ref idref="fl-147"/>
      </object_component>
      <object_component id="oc-43">
         <name>.text</name>
         <load_address>0x1a40</load_address>
         <run_address>0x1a40</run_address>
         <size>0x44</size>
         <input_file_ref idref="fl-135"/>
      </object_component>
      <object_component id="oc-da">
         <name>.text:UARTConfigSetExpClk</name>
         <load_address>0x1a84</load_address>
         <run_address>0x1a84</run_address>
         <size>0x40</size>
         <input_file_ref idref="fl-14e"/>
      </object_component>
      <object_component id="oc-15a">
         <name>.text</name>
         <load_address>0x1ac4</load_address>
         <run_address>0x1ac4</run_address>
         <size>0x3c</size>
         <input_file_ref idref="fl-14c"/>
      </object_component>
      <object_component id="oc-78">
         <name>.text</name>
         <load_address>0x1b00</load_address>
         <run_address>0x1b00</run_address>
         <size>0x38</size>
         <input_file_ref idref="fl-13c"/>
      </object_component>
      <object_component id="oc-b6">
         <name>.text:SysCtlPeripheralEnable</name>
         <load_address>0x1b38</load_address>
         <run_address>0x1b38</run_address>
         <size>0x34</size>
         <input_file_ref idref="fl-14f"/>
      </object_component>
      <object_component id="oc-181">
         <name>.text:GPIODirModeSet</name>
         <load_address>0x1b6c</load_address>
         <run_address>0x1b6c</run_address>
         <size>0x2a</size>
         <input_file_ref idref="fl-151"/>
      </object_component>
      <object_component id="oc-199">
         <name>.text:UARTDisable</name>
         <load_address>0x1b98</load_address>
         <run_address>0x1b98</run_address>
         <size>0x1c</size>
         <input_file_ref idref="fl-14e"/>
      </object_component>
      <object_component id="oc-bc">
         <name>.text:GPIOPinTypeGPIOOutput</name>
         <load_address>0x1bb4</load_address>
         <run_address>0x1bb4</run_address>
         <size>0x18</size>
         <input_file_ref idref="fl-151"/>
      </object_component>
      <object_component id="oc-3d">
         <name>.text</name>
         <load_address>0x1bcc</load_address>
         <run_address>0x1bcc</run_address>
         <size>0x18</size>
         <input_file_ref idref="fl-145"/>
      </object_component>
      <object_component id="oc-19f">
         <name>.text:UARTEnable</name>
         <load_address>0x1be4</load_address>
         <run_address>0x1be4</run_address>
         <size>0x14</size>
         <input_file_ref idref="fl-14e"/>
      </object_component>
      <object_component id="oc-ce">
         <name>.text:GPIOPinTypeUART</name>
         <load_address>0x1bf8</load_address>
         <run_address>0x1bf8</run_address>
         <size>0x12</size>
         <input_file_ref idref="fl-151"/>
      </object_component>
      <object_component id="oc-a4">
         <name>.text:FPUEnable</name>
         <load_address>0x1c0c</load_address>
         <run_address>0x1c0c</run_address>
         <size>0x10</size>
         <input_file_ref idref="fl-152"/>
      </object_component>
      <object_component id="oc-aa">
         <name>.text:FPULazyStackingEnable</name>
         <load_address>0x1c1c</load_address>
         <run_address>0x1c1c</run_address>
         <size>0x10</size>
         <input_file_ref idref="fl-152"/>
      </object_component>
      <object_component id="oc-ff">
         <name>.text:UARTCharGetNonBlocking</name>
         <load_address>0x1c2c</load_address>
         <run_address>0x1c2c</run_address>
         <size>0xe</size>
         <input_file_ref idref="fl-14e"/>
      </object_component>
      <object_component id="oc-16">
         <name>.text:decompress:none</name>
         <load_address>0x1c3a</load_address>
         <run_address>0x1c3a</run_address>
         <size>0xe</size>
         <input_file_ref idref="fl-155"/>
      </object_component>
      <object_component id="oc-188">
         <name>.text:CPUcpsie</name>
         <load_address>0x1c48</load_address>
         <run_address>0x1c48</run_address>
         <size>0xc</size>
         <input_file_ref idref="fl-153"/>
      </object_component>
      <object_component id="oc-29">
         <name>.text</name>
         <load_address>0x1c54</load_address>
         <run_address>0x1c54</run_address>
         <size>0xc</size>
         <input_file_ref idref="fl-3"/>
      </object_component>
      <object_component id="oc-c2">
         <name>.text:IntMasterEnable</name>
         <load_address>0x1c60</load_address>
         <run_address>0x1c60</run_address>
         <size>0xa</size>
         <input_file_ref idref="fl-150"/>
      </object_component>
      <object_component id="oc-9e">
         <name>.text:UARTCharPut</name>
         <load_address>0x1c6a</load_address>
         <run_address>0x1c6a</run_address>
         <size>0xa</size>
         <input_file_ref idref="fl-14e"/>
      </object_component>
      <object_component id="oc-f3">
         <name>.text:UARTIntStatus</name>
         <load_address>0x1c74</load_address>
         <run_address>0x1c74</run_address>
         <size>0xa</size>
         <input_file_ref idref="fl-14e"/>
      </object_component>
      <object_component id="oc-e6">
         <name>.text:UARTIntEnable</name>
         <load_address>0x1c7e</load_address>
         <run_address>0x1c7e</run_address>
         <size>0x8</size>
         <input_file_ref idref="fl-14e"/>
      </object_component>
      <object_component id="oc-ed">
         <name>.text:GPIOPinWrite</name>
         <load_address>0x1c86</load_address>
         <run_address>0x1c86</run_address>
         <size>0x6</size>
         <input_file_ref idref="fl-151"/>
      </object_component>
      <object_component id="oc-ec">
         <name>.text:SysCtlDelay</name>
         <load_address>0x1c8c</load_address>
         <run_address>0x1c8c</run_address>
         <size>0x6</size>
         <input_file_ref idref="fl-14f"/>
      </object_component>
      <object_component id="oc-22">
         <name>.text:decompress:rle24</name>
         <load_address>0x1c92</load_address>
         <run_address>0x1c92</run_address>
         <size>0x6</size>
         <input_file_ref idref="fl-156"/>
      </object_component>
      <object_component id="oc-f9">
         <name>.text:UARTIntClear</name>
         <load_address>0x1c98</load_address>
         <run_address>0x1c98</run_address>
         <size>0x4</size>
         <input_file_ref idref="fl-14e"/>
      </object_component>
      <object_component id="oc-18f">
         <name>.const:g_pui32GPIOBaseAddrs</name>
         <load_address>0x1ca0</load_address>
         <run_address>0x1ca0</run_address>
         <size>0x90</size>
         <input_file_ref idref="fl-151"/>
      </object_component>
      <object_component id="oc-1a6">
         <name>.const</name>
         <load_address>0x1d30</load_address>
         <run_address>0x1d30</run_address>
         <size>0x70</size>
         <input_file_ref idref="fl-150"/>
      </object_component>
      <object_component id="oc-195">
         <name>.const:g_pui32Xtals</name>
         <load_address>0x1da0</load_address>
         <run_address>0x1da0</run_address>
         <size>0x6c</size>
         <input_file_ref idref="fl-14f"/>
      </object_component>
      <object_component id="oc-88">
         <name>.const</name>
         <load_address>0x1e10</load_address>
         <run_address>0x1e10</run_address>
         <size>0x20</size>
         <input_file_ref idref="fl-2"/>
      </object_component>
      <object_component id="oc-226">
         <name>.cinit..data.load</name>
         <load_address>0x1e30</load_address>
         <run_address>0x1e30</run_address>
         <size>0x90</size>
      </object_component>
      <object_component id="oc-224">
         <name>__TI_handler_table</name>
         <load_address>0x1ec0</load_address>
         <run_address>0x1ec0</run_address>
         <size>0x8</size>
      </object_component>
      <object_component id="oc-225">
         <name>__TI_cinit_table</name>
         <load_address>0x1ec8</load_address>
         <run_address>0x1ec8</run_address>
         <size>0x8</size>
      </object_component>
      <object_component id="oc-49">
         <name>.data</name>
         <load_address>0x20002a0c</load_address>
         <run_address>0x20002a0c</run_address>
         <size>0x4</size>
         <input_file_ref idref="fl-13f"/>
      </object_component>
      <object_component id="oc-8b">
         <name>.data</name>
         <load_address>0x20002710</load_address>
         <run_address>0x20002710</run_address>
         <size>0x1b0</size>
         <input_file_ref idref="fl-2"/>
      </object_component>
      <object_component id="oc-12d">
         <name>.data</name>
         <load_address>0x200029f0</load_address>
         <run_address>0x200029f0</run_address>
         <size>0x8</size>
         <input_file_ref idref="fl-144"/>
      </object_component>
      <object_component id="oc-130">
         <name>.data</name>
         <load_address>0x200029f8</load_address>
         <run_address>0x200029f8</run_address>
         <size>0x8</size>
         <input_file_ref idref="fl-135"/>
      </object_component>
      <object_component id="oc-160">
         <name>.data</name>
         <load_address>0x20002970</load_address>
         <run_address>0x20002970</run_address>
         <size>0x80</size>
         <input_file_ref idref="fl-143"/>
      </object_component>
      <object_component id="oc-163">
         <name>.data</name>
         <load_address>0x20002a00</load_address>
         <run_address>0x20002a00</run_address>
         <size>0x8</size>
         <input_file_ref idref="fl-14a"/>
      </object_component>
      <object_component id="oc-166">
         <name>.data</name>
         <load_address>0x20002a08</load_address>
         <run_address>0x20002a08</run_address>
         <size>0x4</size>
         <input_file_ref idref="fl-148"/>
      </object_component>
      <object_component id="oc-1dc">
         <name>.data:sigtable$15</name>
         <load_address>0x200028c0</load_address>
         <run_address>0x200028c0</run_address>
         <size>0xb0</size>
         <input_file_ref idref="fl-14c"/>
      </object_component>
      <object_component id="oc-28">
         <name>.stack</name>
         <uninitialized>true</uninitialized>
         <run_address>0x20000000</run_address>
         <size>0x0</size>
         <input_file_ref idref="fl-131"/>
      </object_component>
      <object_component id="oc-227">
         <name>.stack</name>
         <uninitialized>true</uninitialized>
         <run_address>0x20000000</run_address>
         <size>0x0</size>
      </object_component>
      <object_component id="oc-f">
         <name>.debug_info</name>
         <load_address>0x0</load_address>
         <run_address>0x0</run_address>
         <size>0x110</size>
         <input_file_ref idref="fl-3"/>
      </object_component>
      <object_component id="oc-13">
         <name>.debug_info</name>
         <load_address>0x110</load_address>
         <run_address>0x110</run_address>
         <size>0xf3</size>
         <input_file_ref idref="fl-131"/>
      </object_component>
      <object_component id="oc-1a">
         <name>.debug_info</name>
         <load_address>0x203</load_address>
         <run_address>0x203</run_address>
         <size>0x194</size>
         <input_file_ref idref="fl-155"/>
      </object_component>
      <object_component id="oc-23">
         <name>.debug_info</name>
         <load_address>0x397</load_address>
         <run_address>0x397</run_address>
         <size>0x18e</size>
         <input_file_ref idref="fl-156"/>
      </object_component>
      <object_component id="oc-2a">
         <name>.debug_info</name>
         <load_address>0x525</load_address>
         <run_address>0x525</run_address>
         <size>0x28c</size>
         <input_file_ref idref="fl-3"/>
      </object_component>
      <object_component id="oc-30">
         <name>.debug_info</name>
         <load_address>0x7b1</load_address>
         <run_address>0x7b1</run_address>
         <size>0x97b</size>
         <input_file_ref idref="fl-154"/>
      </object_component>
      <object_component id="oc-37">
         <name>.debug_info</name>
         <load_address>0x112c</load_address>
         <run_address>0x112c</run_address>
         <size>0x14f</size>
         <input_file_ref idref="fl-3"/>
      </object_component>
      <object_component id="oc-3a">
         <name>.debug_info</name>
         <load_address>0x127b</load_address>
         <run_address>0x127b</run_address>
         <size>0x13d</size>
         <input_file_ref idref="fl-146"/>
      </object_component>
      <object_component id="oc-3e">
         <name>.debug_info</name>
         <load_address>0x13b8</load_address>
         <run_address>0x13b8</run_address>
         <size>0x11c</size>
         <input_file_ref idref="fl-145"/>
      </object_component>
      <object_component id="oc-44">
         <name>.debug_info</name>
         <load_address>0x14d4</load_address>
         <run_address>0x14d4</run_address>
         <size>0x1c2</size>
         <input_file_ref idref="fl-135"/>
      </object_component>
      <object_component id="oc-4a">
         <name>.debug_info</name>
         <load_address>0x1696</load_address>
         <run_address>0x1696</run_address>
         <size>0xf2</size>
         <input_file_ref idref="fl-154"/>
      </object_component>
      <object_component id="oc-50">
         <name>.debug_info</name>
         <load_address>0x1788</load_address>
         <run_address>0x1788</run_address>
         <size>0xcc</size>
         <input_file_ref idref="fl-13d"/>
      </object_component>
      <object_component id="oc-53">
         <name>.debug_info</name>
         <load_address>0x1854</load_address>
         <run_address>0x1854</run_address>
         <size>0x46</size>
         <input_file_ref idref="fl-155"/>
      </object_component>
      <object_component id="oc-58">
         <name>.debug_info</name>
         <load_address>0x189a</load_address>
         <run_address>0x189a</run_address>
         <size>0xf2</size>
         <input_file_ref idref="fl-155"/>
      </object_component>
      <object_component id="oc-63">
         <name>.debug_info</name>
         <load_address>0x198c</load_address>
         <run_address>0x198c</run_address>
         <size>0x1ef</size>
         <input_file_ref idref="fl-156"/>
      </object_component>
      <object_component id="oc-67">
         <name>.debug_info</name>
         <load_address>0x1b7b</load_address>
         <run_address>0x1b7b</run_address>
         <size>0xb7</size>
         <input_file_ref idref="fl-156"/>
      </object_component>
      <object_component id="oc-68">
         <name>.debug_info</name>
         <load_address>0x1c32</load_address>
         <run_address>0x1c32</run_address>
         <size>0x39</size>
         <input_file_ref idref="fl-156"/>
      </object_component>
      <object_component id="oc-71">
         <name>.debug_info</name>
         <load_address>0x1c6b</load_address>
         <run_address>0x1c6b</run_address>
         <size>0xed</size>
         <input_file_ref idref="fl-137"/>
      </object_component>
      <object_component id="oc-74">
         <name>.debug_info</name>
         <load_address>0x1d58</load_address>
         <run_address>0x1d58</run_address>
         <size>0xe8</size>
         <input_file_ref idref="fl-13a"/>
      </object_component>
      <object_component id="oc-7a">
         <name>.debug_info</name>
         <load_address>0x1e40</load_address>
         <run_address>0x1e40</run_address>
         <size>0xdf</size>
         <input_file_ref idref="fl-13c"/>
      </object_component>
      <object_component id="oc-7e">
         <name>.debug_info</name>
         <load_address>0x1f1f</load_address>
         <run_address>0x1f1f</run_address>
         <size>0x1aa</size>
         <input_file_ref idref="fl-154"/>
      </object_component>
      <object_component id="oc-84">
         <name>.debug_info</name>
         <load_address>0x20c9</load_address>
         <run_address>0x20c9</run_address>
         <size>0xe1</size>
         <input_file_ref idref="fl-139"/>
      </object_component>
      <object_component id="oc-89">
         <name>.debug_info</name>
         <load_address>0x21aa</load_address>
         <run_address>0x21aa</run_address>
         <size>0x10d</size>
         <input_file_ref idref="fl-154"/>
      </object_component>
      <object_component id="oc-8c">
         <name>.debug_info</name>
         <load_address>0x22b7</load_address>
         <run_address>0x22b7</run_address>
         <size>0x4f3</size>
         <input_file_ref idref="fl-154"/>
      </object_component>
      <object_component id="oc-8f">
         <name>.debug_info</name>
         <load_address>0x27aa</load_address>
         <run_address>0x27aa</run_address>
         <size>0xff</size>
         <input_file_ref idref="fl-136"/>
      </object_component>
      <object_component id="oc-94">
         <name>.debug_info</name>
         <load_address>0x28a9</load_address>
         <run_address>0x28a9</run_address>
         <size>0xed</size>
         <input_file_ref idref="fl-138"/>
      </object_component>
      <object_component id="oc-9a">
         <name>.debug_info</name>
         <load_address>0x2996</load_address>
         <run_address>0x2996</run_address>
         <size>0x307</size>
         <input_file_ref idref="fl-154"/>
      </object_component>
      <object_component id="oc-9f">
         <name>.debug_info</name>
         <load_address>0x2c9d</load_address>
         <run_address>0x2c9d</run_address>
         <size>0x25d</size>
         <input_file_ref idref="fl-14e"/>
      </object_component>
      <object_component id="oc-a6">
         <name>.debug_info</name>
         <load_address>0x2efa</load_address>
         <run_address>0x2efa</run_address>
         <size>0x171</size>
         <input_file_ref idref="fl-152"/>
      </object_component>
      <object_component id="oc-ab">
         <name>.debug_info</name>
         <load_address>0x306b</load_address>
         <run_address>0x306b</run_address>
         <size>0x189</size>
         <input_file_ref idref="fl-152"/>
      </object_component>
      <object_component id="oc-b1">
         <name>.debug_info</name>
         <load_address>0x31f4</load_address>
         <run_address>0x31f4</run_address>
         <size>0x2d4</size>
         <input_file_ref idref="fl-14f"/>
      </object_component>
      <object_component id="oc-b7">
         <name>.debug_info</name>
         <load_address>0x34c8</load_address>
         <run_address>0x34c8</run_address>
         <size>0x1e1</size>
         <input_file_ref idref="fl-14f"/>
      </object_component>
      <object_component id="oc-bd">
         <name>.debug_info</name>
         <load_address>0x36a9</load_address>
         <run_address>0x36a9</run_address>
         <size>0x1eb</size>
         <input_file_ref idref="fl-151"/>
      </object_component>
      <object_component id="oc-c3">
         <name>.debug_info</name>
         <load_address>0x3894</load_address>
         <run_address>0x3894</run_address>
         <size>0x1a2</size>
         <input_file_ref idref="fl-150"/>
      </object_component>
      <object_component id="oc-c9">
         <name>.debug_info</name>
         <load_address>0x3a36</load_address>
         <run_address>0x3a36</run_address>
         <size>0x1e4</size>
         <input_file_ref idref="fl-151"/>
      </object_component>
      <object_component id="oc-cf">
         <name>.debug_info</name>
         <load_address>0x3c1a</load_address>
         <run_address>0x3c1a</run_address>
         <size>0x1df</size>
         <input_file_ref idref="fl-151"/>
      </object_component>
      <object_component id="oc-d5">
         <name>.debug_info</name>
         <load_address>0x3df9</load_address>
         <run_address>0x3df9</run_address>
         <size>0x202</size>
         <input_file_ref idref="fl-14f"/>
      </object_component>
      <object_component id="oc-db">
         <name>.debug_info</name>
         <load_address>0x3ffb</load_address>
         <run_address>0x3ffb</run_address>
         <size>0x28a</size>
         <input_file_ref idref="fl-14e"/>
      </object_component>
      <object_component id="oc-e2">
         <name>.debug_info</name>
         <load_address>0x4285</load_address>
         <run_address>0x4285</run_address>
         <size>0x1cc</size>
         <input_file_ref idref="fl-150"/>
      </object_component>
      <object_component id="oc-e8">
         <name>.debug_info</name>
         <load_address>0x4451</load_address>
         <run_address>0x4451</run_address>
         <size>0x1f3</size>
         <input_file_ref idref="fl-14e"/>
      </object_component>
      <object_component id="oc-ee">
         <name>.debug_info</name>
         <load_address>0x4644</load_address>
         <run_address>0x4644</run_address>
         <size>0x207</size>
         <input_file_ref idref="fl-151"/>
      </object_component>
      <object_component id="oc-f4">
         <name>.debug_info</name>
         <load_address>0x484b</load_address>
         <run_address>0x484b</run_address>
         <size>0x1e3</size>
         <input_file_ref idref="fl-14e"/>
      </object_component>
      <object_component id="oc-fb">
         <name>.debug_info</name>
         <load_address>0x4a2e</load_address>
         <run_address>0x4a2e</run_address>
         <size>0x1f1</size>
         <input_file_ref idref="fl-14e"/>
      </object_component>
      <object_component id="oc-100">
         <name>.debug_info</name>
         <load_address>0x4c1f</load_address>
         <run_address>0x4c1f</run_address>
         <size>0x1c7</size>
         <input_file_ref idref="fl-14e"/>
      </object_component>
      <object_component id="oc-106">
         <name>.debug_info</name>
         <load_address>0x4de6</load_address>
         <run_address>0x4de6</run_address>
         <size>0x39</size>
         <input_file_ref idref="fl-154"/>
      </object_component>
      <object_component id="oc-10b">
         <name>.debug_info</name>
         <load_address>0x4e1f</load_address>
         <run_address>0x4e1f</run_address>
         <size>0x6c</size>
         <input_file_ref idref="fl-154"/>
      </object_component>
      <object_component id="oc-110">
         <name>.debug_info</name>
         <load_address>0x4e8b</load_address>
         <run_address>0x4e8b</run_address>
         <size>0x8b</size>
         <input_file_ref idref="fl-154"/>
      </object_component>
      <object_component id="oc-115">
         <name>.debug_info</name>
         <load_address>0x4f16</load_address>
         <run_address>0x4f16</run_address>
         <size>0x8ba</size>
         <input_file_ref idref="fl-154"/>
      </object_component>
      <object_component id="oc-11a">
         <name>.debug_info</name>
         <load_address>0x57d0</load_address>
         <run_address>0x57d0</run_address>
         <size>0x84</size>
         <input_file_ref idref="fl-3"/>
      </object_component>
      <object_component id="oc-11f">
         <name>.debug_info</name>
         <load_address>0x5854</load_address>
         <run_address>0x5854</run_address>
         <size>0x18b</size>
         <input_file_ref idref="fl-3"/>
      </object_component>
      <object_component id="oc-125">
         <name>.debug_info</name>
         <load_address>0x59df</load_address>
         <run_address>0x59df</run_address>
         <size>0x14b</size>
         <input_file_ref idref="fl-147"/>
      </object_component>
      <object_component id="oc-12c">
         <name>.debug_info</name>
         <load_address>0x5b2a</load_address>
         <run_address>0x5b2a</run_address>
         <size>0x11b</size>
         <input_file_ref idref="fl-145"/>
      </object_component>
      <object_component id="oc-12e">
         <name>.debug_info</name>
         <load_address>0x5c45</load_address>
         <run_address>0x5c45</run_address>
         <size>0x103</size>
         <input_file_ref idref="fl-154"/>
      </object_component>
      <object_component id="oc-131">
         <name>.debug_info</name>
         <load_address>0x5d48</load_address>
         <run_address>0x5d48</run_address>
         <size>0xeb</size>
         <input_file_ref idref="fl-135"/>
      </object_component>
      <object_component id="oc-134">
         <name>.debug_info</name>
         <load_address>0x5e33</load_address>
         <run_address>0x5e33</run_address>
         <size>0x146</size>
         <input_file_ref idref="fl-135"/>
      </object_component>
      <object_component id="oc-139">
         <name>.debug_info</name>
         <load_address>0x5f79</load_address>
         <run_address>0x5f79</run_address>
         <size>0x2c</size>
         <input_file_ref idref="fl-155"/>
      </object_component>
      <object_component id="oc-140">
         <name>.debug_info</name>
         <load_address>0x5fa5</load_address>
         <run_address>0x5fa5</run_address>
         <size>0x2c</size>
         <input_file_ref idref="fl-147"/>
      </object_component>
      <object_component id="oc-14e">
         <name>.debug_info</name>
         <load_address>0x5fd1</load_address>
         <run_address>0x5fd1</run_address>
         <size>0xdb</size>
         <input_file_ref idref="fl-149"/>
      </object_component>
      <object_component id="oc-15b">
         <name>.debug_info</name>
         <load_address>0x60ac</load_address>
         <run_address>0x60ac</run_address>
         <size>0x16d</size>
         <input_file_ref idref="fl-154"/>
      </object_component>
      <object_component id="oc-161">
         <name>.debug_info</name>
         <load_address>0x6219</load_address>
         <run_address>0x6219</run_address>
         <size>0x1c2</size>
         <input_file_ref idref="fl-154"/>
      </object_component>
      <object_component id="oc-164">
         <name>.debug_info</name>
         <load_address>0x63db</load_address>
         <run_address>0x63db</run_address>
         <size>0x115</size>
         <input_file_ref idref="fl-154"/>
      </object_component>
      <object_component id="oc-167">
         <name>.debug_info</name>
         <load_address>0x64f0</load_address>
         <run_address>0x64f0</run_address>
         <size>0xe6</size>
         <input_file_ref idref="fl-154"/>
      </object_component>
      <object_component id="oc-16b">
         <name>.debug_info</name>
         <load_address>0x65d6</load_address>
         <run_address>0x65d6</run_address>
         <size>0x18b</size>
         <input_file_ref idref="fl-14e"/>
      </object_component>
      <object_component id="oc-170">
         <name>.debug_info</name>
         <load_address>0x6761</load_address>
         <run_address>0x6761</run_address>
         <size>0x90</size>
         <input_file_ref idref="fl-14e"/>
      </object_component>
      <object_component id="oc-175">
         <name>.debug_info</name>
         <load_address>0x67f1</load_address>
         <run_address>0x67f1</run_address>
         <size>0x1ce</size>
         <input_file_ref idref="fl-14e"/>
      </object_component>
      <object_component id="oc-179">
         <name>.debug_info</name>
         <load_address>0x69bf</load_address>
         <run_address>0x69bf</run_address>
         <size>0x226</size>
         <input_file_ref idref="fl-14f"/>
      </object_component>
      <object_component id="oc-17c">
         <name>.debug_info</name>
         <load_address>0x6be5</load_address>
         <run_address>0x6be5</run_address>
         <size>0x312</size>
         <input_file_ref idref="fl-151"/>
      </object_component>
      <object_component id="oc-182">
         <name>.debug_info</name>
         <load_address>0x6ef7</load_address>
         <run_address>0x6ef7</run_address>
         <size>0x217</size>
         <input_file_ref idref="fl-151"/>
      </object_component>
      <object_component id="oc-189">
         <name>.debug_info</name>
         <load_address>0x710e</load_address>
         <run_address>0x710e</run_address>
         <size>0x176</size>
         <input_file_ref idref="fl-153"/>
      </object_component>
      <object_component id="oc-190">
         <name>.debug_info</name>
         <load_address>0x7284</load_address>
         <run_address>0x7284</run_address>
         <size>0x10d</size>
         <input_file_ref idref="fl-151"/>
      </object_component>
      <object_component id="oc-193">
         <name>.debug_info</name>
         <load_address>0x7391</load_address>
         <run_address>0x7391</run_address>
         <size>0x1d7</size>
         <input_file_ref idref="fl-151"/>
      </object_component>
      <object_component id="oc-196">
         <name>.debug_info</name>
         <load_address>0x7568</load_address>
         <run_address>0x7568</run_address>
         <size>0xff</size>
         <input_file_ref idref="fl-14f"/>
      </object_component>
      <object_component id="oc-19a">
         <name>.debug_info</name>
         <load_address>0x7667</load_address>
         <run_address>0x7667</run_address>
         <size>0x233</size>
         <input_file_ref idref="fl-14e"/>
      </object_component>
      <object_component id="oc-1a0">
         <name>.debug_info</name>
         <load_address>0x789a</load_address>
         <run_address>0x789a</run_address>
         <size>0x1ab</size>
         <input_file_ref idref="fl-14e"/>
      </object_component>
      <object_component id="oc-1a7">
         <name>.debug_info</name>
         <load_address>0x7a45</load_address>
         <run_address>0x7a45</run_address>
         <size>0x1c2</size>
         <input_file_ref idref="fl-150"/>
      </object_component>
      <object_component id="oc-1aa">
         <name>.debug_info</name>
         <load_address>0x7c07</load_address>
         <run_address>0x7c07</run_address>
         <size>0x1ba</size>
         <input_file_ref idref="fl-150"/>
      </object_component>
      <object_component id="oc-1b2">
         <name>.debug_info</name>
         <load_address>0x7dc1</load_address>
         <run_address>0x7dc1</run_address>
         <size>0x86</size>
         <input_file_ref idref="fl-154"/>
      </object_component>
      <object_component id="oc-1b7">
         <name>.debug_info</name>
         <load_address>0x7e47</load_address>
         <run_address>0x7e47</run_address>
         <size>0x6f</size>
         <input_file_ref idref="fl-154"/>
      </object_component>
      <object_component id="oc-1bc">
         <name>.debug_info</name>
         <load_address>0x7eb6</load_address>
         <run_address>0x7eb6</run_address>
         <size>0x2c</size>
         <input_file_ref idref="fl-154"/>
      </object_component>
      <object_component id="oc-1c1">
         <name>.debug_info</name>
         <load_address>0x7ee2</load_address>
         <run_address>0x7ee2</run_address>
         <size>0x171</size>
         <input_file_ref idref="fl-154"/>
      </object_component>
      <object_component id="oc-1c7">
         <name>.debug_info</name>
         <load_address>0x8053</load_address>
         <run_address>0x8053</run_address>
         <size>0x148</size>
         <input_file_ref idref="fl-147"/>
      </object_component>
      <object_component id="oc-1ca">
         <name>.debug_info</name>
         <load_address>0x819b</load_address>
         <run_address>0x819b</run_address>
         <size>0x5e</size>
         <input_file_ref idref="fl-145"/>
      </object_component>
      <object_component id="oc-1d0">
         <name>.debug_info</name>
         <load_address>0x81f9</load_address>
         <run_address>0x81f9</run_address>
         <size>0x108</size>
         <input_file_ref idref="fl-154"/>
      </object_component>
      <object_component id="oc-1dd">
         <name>.debug_info</name>
         <load_address>0x8301</load_address>
         <run_address>0x8301</run_address>
         <size>0xec</size>
         <input_file_ref idref="fl-154"/>
      </object_component>
      <object_component id="oc-1ea">
         <name>.debug_info</name>
         <load_address>0x83ed</load_address>
         <run_address>0x83ed</run_address>
         <size>0x5f</size>
         <input_file_ref idref="fl-14f"/>
      </object_component>
      <object_component id="oc-200">
         <name>.debug_info</name>
         <load_address>0x844c</load_address>
         <run_address>0x844c</run_address>
         <size>0xcd</size>
         <input_file_ref idref="fl-147"/>
      </object_component>
      <object_component id="oc-228">
         <name>.debug_info</name>
         <load_address>0x8519</load_address>
         <run_address>0x8519</run_address>
         <size>0xca</size>
      </object_component>
      <object_component id="oc-10">
         <name>.debug_pubnames</name>
         <load_address>0x0</load_address>
         <run_address>0x0</run_address>
         <size>0x23</size>
         <input_file_ref idref="fl-3"/>
      </object_component>
      <object_component id="oc-14">
         <name>.debug_pubnames</name>
         <load_address>0x23</load_address>
         <run_address>0x23</run_address>
         <size>0x1f</size>
         <input_file_ref idref="fl-131"/>
      </object_component>
      <object_component id="oc-1b">
         <name>.debug_pubnames</name>
         <load_address>0x42</load_address>
         <run_address>0x42</run_address>
         <size>0x2b</size>
         <input_file_ref idref="fl-155"/>
      </object_component>
      <object_component id="oc-25">
         <name>.debug_pubnames</name>
         <load_address>0x6d</load_address>
         <run_address>0x6d</run_address>
         <size>0x2c</size>
         <input_file_ref idref="fl-156"/>
      </object_component>
      <object_component id="oc-2b">
         <name>.debug_pubnames</name>
         <load_address>0x99</load_address>
         <run_address>0x99</run_address>
         <size>0x4c</size>
         <input_file_ref idref="fl-3"/>
      </object_component>
      <object_component id="oc-31">
         <name>.debug_pubnames</name>
         <load_address>0xe5</load_address>
         <run_address>0xe5</run_address>
         <size>0x60</size>
         <input_file_ref idref="fl-154"/>
      </object_component>
      <object_component id="oc-3c">
         <name>.debug_pubnames</name>
         <load_address>0x145</load_address>
         <run_address>0x145</run_address>
         <size>0x37</size>
         <input_file_ref idref="fl-146"/>
      </object_component>
      <object_component id="oc-3f">
         <name>.debug_pubnames</name>
         <load_address>0x17c</load_address>
         <run_address>0x17c</run_address>
         <size>0x21</size>
         <input_file_ref idref="fl-145"/>
      </object_component>
      <object_component id="oc-46">
         <name>.debug_pubnames</name>
         <load_address>0x19d</load_address>
         <run_address>0x19d</run_address>
         <size>0x35</size>
         <input_file_ref idref="fl-135"/>
      </object_component>
      <object_component id="oc-4b">
         <name>.debug_pubnames</name>
         <load_address>0x1d2</load_address>
         <run_address>0x1d2</run_address>
         <size>0x23</size>
         <input_file_ref idref="fl-154"/>
      </object_component>
      <object_component id="oc-51">
         <name>.debug_pubnames</name>
         <load_address>0x1f5</load_address>
         <run_address>0x1f5</run_address>
         <size>0x1d</size>
         <input_file_ref idref="fl-13d"/>
      </object_component>
      <object_component id="oc-64">
         <name>.debug_pubnames</name>
         <load_address>0x212</load_address>
         <run_address>0x212</run_address>
         <size>0x2f</size>
         <input_file_ref idref="fl-156"/>
      </object_component>
      <object_component id="oc-72">
         <name>.debug_pubnames</name>
         <load_address>0x241</load_address>
         <run_address>0x241</run_address>
         <size>0x23</size>
         <input_file_ref idref="fl-137"/>
      </object_component>
      <object_component id="oc-76">
         <name>.debug_pubnames</name>
         <load_address>0x264</load_address>
         <run_address>0x264</run_address>
         <size>0x22</size>
         <input_file_ref idref="fl-13a"/>
      </object_component>
      <object_component id="oc-7c">
         <name>.debug_pubnames</name>
         <load_address>0x286</load_address>
         <run_address>0x286</run_address>
         <size>0x22</size>
         <input_file_ref idref="fl-13c"/>
      </object_component>
      <object_component id="oc-80">
         <name>.debug_pubnames</name>
         <load_address>0x2a8</load_address>
         <run_address>0x2a8</run_address>
         <size>0x1c</size>
         <input_file_ref idref="fl-154"/>
      </object_component>
      <object_component id="oc-86">
         <name>.debug_pubnames</name>
         <load_address>0x2c4</load_address>
         <run_address>0x2c4</run_address>
         <size>0x23</size>
         <input_file_ref idref="fl-139"/>
      </object_component>
      <object_component id="oc-8a">
         <name>.debug_pubnames</name>
         <load_address>0x2e7</load_address>
         <run_address>0x2e7</run_address>
         <size>0x2e</size>
         <input_file_ref idref="fl-154"/>
      </object_component>
      <object_component id="oc-8d">
         <name>.debug_pubnames</name>
         <load_address>0x315</load_address>
         <run_address>0x315</run_address>
         <size>0x1b0</size>
         <input_file_ref idref="fl-154"/>
      </object_component>
      <object_component id="oc-90">
         <name>.debug_pubnames</name>
         <load_address>0x4c5</load_address>
         <run_address>0x4c5</run_address>
         <size>0x23</size>
         <input_file_ref idref="fl-136"/>
      </object_component>
      <object_component id="oc-95">
         <name>.debug_pubnames</name>
         <load_address>0x4e8</load_address>
         <run_address>0x4e8</run_address>
         <size>0x23</size>
         <input_file_ref idref="fl-138"/>
      </object_component>
      <object_component id="oc-9c">
         <name>.debug_pubnames</name>
         <load_address>0x50b</load_address>
         <run_address>0x50b</run_address>
         <size>0x1b</size>
         <input_file_ref idref="fl-154"/>
      </object_component>
      <object_component id="oc-a1">
         <name>.debug_pubnames</name>
         <load_address>0x526</load_address>
         <run_address>0x526</run_address>
         <size>0x22</size>
         <input_file_ref idref="fl-14e"/>
      </object_component>
      <object_component id="oc-a7">
         <name>.debug_pubnames</name>
         <load_address>0x548</load_address>
         <run_address>0x548</run_address>
         <size>0x20</size>
         <input_file_ref idref="fl-152"/>
      </object_component>
      <object_component id="oc-ad">
         <name>.debug_pubnames</name>
         <load_address>0x568</load_address>
         <run_address>0x568</run_address>
         <size>0x2c</size>
         <input_file_ref idref="fl-152"/>
      </object_component>
      <object_component id="oc-b2">
         <name>.debug_pubnames</name>
         <load_address>0x594</load_address>
         <run_address>0x594</run_address>
         <size>0x25</size>
         <input_file_ref idref="fl-14f"/>
      </object_component>
      <object_component id="oc-b9">
         <name>.debug_pubnames</name>
         <load_address>0x5b9</load_address>
         <run_address>0x5b9</run_address>
         <size>0x2d</size>
         <input_file_ref idref="fl-14f"/>
      </object_component>
      <object_component id="oc-bf">
         <name>.debug_pubnames</name>
         <load_address>0x5e6</load_address>
         <run_address>0x5e6</run_address>
         <size>0x2c</size>
         <input_file_ref idref="fl-151"/>
      </object_component>
      <object_component id="oc-c4">
         <name>.debug_pubnames</name>
         <load_address>0x612</load_address>
         <run_address>0x612</run_address>
         <size>0x26</size>
         <input_file_ref idref="fl-150"/>
      </object_component>
      <object_component id="oc-cb">
         <name>.debug_pubnames</name>
         <load_address>0x638</load_address>
         <run_address>0x638</run_address>
         <size>0x27</size>
         <input_file_ref idref="fl-151"/>
      </object_component>
      <object_component id="oc-d1">
         <name>.debug_pubnames</name>
         <load_address>0x65f</load_address>
         <run_address>0x65f</run_address>
         <size>0x26</size>
         <input_file_ref idref="fl-151"/>
      </object_component>
      <object_component id="oc-d6">
         <name>.debug_pubnames</name>
         <load_address>0x685</load_address>
         <run_address>0x685</run_address>
         <size>0x25</size>
         <input_file_ref idref="fl-14f"/>
      </object_component>
      <object_component id="oc-dd">
         <name>.debug_pubnames</name>
         <load_address>0x6aa</load_address>
         <run_address>0x6aa</run_address>
         <size>0x2a</size>
         <input_file_ref idref="fl-14e"/>
      </object_component>
      <object_component id="oc-e3">
         <name>.debug_pubnames</name>
         <load_address>0x6d4</load_address>
         <run_address>0x6d4</run_address>
         <size>0x20</size>
         <input_file_ref idref="fl-150"/>
      </object_component>
      <object_component id="oc-ea">
         <name>.debug_pubnames</name>
         <load_address>0x6f4</load_address>
         <run_address>0x6f4</run_address>
         <size>0x24</size>
         <input_file_ref idref="fl-14e"/>
      </object_component>
      <object_component id="oc-f0">
         <name>.debug_pubnames</name>
         <load_address>0x718</load_address>
         <run_address>0x718</run_address>
         <size>0x23</size>
         <input_file_ref idref="fl-151"/>
      </object_component>
      <object_component id="oc-f6">
         <name>.debug_pubnames</name>
         <load_address>0x73b</load_address>
         <run_address>0x73b</run_address>
         <size>0x24</size>
         <input_file_ref idref="fl-14e"/>
      </object_component>
      <object_component id="oc-fd">
         <name>.debug_pubnames</name>
         <load_address>0x75f</load_address>
         <run_address>0x75f</run_address>
         <size>0x23</size>
         <input_file_ref idref="fl-14e"/>
      </object_component>
      <object_component id="oc-102">
         <name>.debug_pubnames</name>
         <load_address>0x782</load_address>
         <run_address>0x782</run_address>
         <size>0x2d</size>
         <input_file_ref idref="fl-14e"/>
      </object_component>
      <object_component id="oc-117">
         <name>.debug_pubnames</name>
         <load_address>0x7af</load_address>
         <run_address>0x7af</run_address>
         <size>0x40</size>
         <input_file_ref idref="fl-154"/>
      </object_component>
      <object_component id="oc-126">
         <name>.debug_pubnames</name>
         <load_address>0x7ef</load_address>
         <run_address>0x7ef</run_address>
         <size>0x1e</size>
         <input_file_ref idref="fl-147"/>
      </object_component>
      <object_component id="oc-12f">
         <name>.debug_pubnames</name>
         <load_address>0x80d</load_address>
         <run_address>0x80d</run_address>
         <size>0x28</size>
         <input_file_ref idref="fl-154"/>
      </object_component>
      <object_component id="oc-132">
         <name>.debug_pubnames</name>
         <load_address>0x835</load_address>
         <run_address>0x835</run_address>
         <size>0x3a</size>
         <input_file_ref idref="fl-135"/>
      </object_component>
      <object_component id="oc-150">
         <name>.debug_pubnames</name>
         <load_address>0x86f</load_address>
         <run_address>0x86f</run_address>
         <size>0x26</size>
         <input_file_ref idref="fl-149"/>
      </object_component>
      <object_component id="oc-15d">
         <name>.debug_pubnames</name>
         <load_address>0x895</load_address>
         <run_address>0x895</run_address>
         <size>0x1d</size>
         <input_file_ref idref="fl-154"/>
      </object_component>
      <object_component id="oc-162">
         <name>.debug_pubnames</name>
         <load_address>0x8b2</load_address>
         <run_address>0x8b2</run_address>
         <size>0x6f</size>
         <input_file_ref idref="fl-154"/>
      </object_component>
      <object_component id="oc-165">
         <name>.debug_pubnames</name>
         <load_address>0x921</load_address>
         <run_address>0x921</run_address>
         <size>0x31</size>
         <input_file_ref idref="fl-154"/>
      </object_component>
      <object_component id="oc-168">
         <name>.debug_pubnames</name>
         <load_address>0x952</load_address>
         <run_address>0x952</run_address>
         <size>0x1d</size>
         <input_file_ref idref="fl-154"/>
      </object_component>
      <object_component id="oc-17e">
         <name>.debug_pubnames</name>
         <load_address>0x96f</load_address>
         <run_address>0x96f</run_address>
         <size>0x27</size>
         <input_file_ref idref="fl-151"/>
      </object_component>
      <object_component id="oc-184">
         <name>.debug_pubnames</name>
         <load_address>0x996</load_address>
         <run_address>0x996</run_address>
         <size>0x25</size>
         <input_file_ref idref="fl-151"/>
      </object_component>
      <object_component id="oc-18b">
         <name>.debug_pubnames</name>
         <load_address>0x9bb</load_address>
         <run_address>0x9bb</run_address>
         <size>0x1f</size>
         <input_file_ref idref="fl-153"/>
      </object_component>
      <object_component id="oc-191">
         <name>.debug_pubnames</name>
         <load_address>0x9da</load_address>
         <run_address>0x9da</run_address>
         <size>0x2b</size>
         <input_file_ref idref="fl-151"/>
      </object_component>
      <object_component id="oc-197">
         <name>.debug_pubnames</name>
         <load_address>0xa05</load_address>
         <run_address>0xa05</run_address>
         <size>0x23</size>
         <input_file_ref idref="fl-14f"/>
      </object_component>
      <object_component id="oc-19c">
         <name>.debug_pubnames</name>
         <load_address>0xa28</load_address>
         <run_address>0xa28</run_address>
         <size>0x22</size>
         <input_file_ref idref="fl-14e"/>
      </object_component>
      <object_component id="oc-1a2">
         <name>.debug_pubnames</name>
         <load_address>0xa4a</load_address>
         <run_address>0xa4a</run_address>
         <size>0x21</size>
         <input_file_ref idref="fl-14e"/>
      </object_component>
      <object_component id="oc-1a8">
         <name>.debug_pubnames</name>
         <load_address>0xa6b</load_address>
         <run_address>0xa6b</run_address>
         <size>0x77</size>
         <input_file_ref idref="fl-150"/>
      </object_component>
      <object_component id="oc-1d2">
         <name>.debug_pubnames</name>
         <load_address>0xae2</load_address>
         <run_address>0xae2</run_address>
         <size>0x1b</size>
         <input_file_ref idref="fl-154"/>
      </object_component>
      <object_component id="oc-1de">
         <name>.debug_pubnames</name>
         <load_address>0xafd</load_address>
         <run_address>0xafd</run_address>
         <size>0x1f</size>
         <input_file_ref idref="fl-154"/>
      </object_component>
      <object_component id="oc-12">
         <name>.debug_aranges</name>
         <load_address>0x0</load_address>
         <run_address>0x0</run_address>
         <size>0x20</size>
         <input_file_ref idref="fl-131"/>
      </object_component>
      <object_component id="oc-17">
         <name>.debug_aranges</name>
         <load_address>0x20</load_address>
         <run_address>0x20</run_address>
         <size>0x20</size>
         <input_file_ref idref="fl-155"/>
      </object_component>
      <object_component id="oc-24">
         <name>.debug_aranges</name>
         <load_address>0x40</load_address>
         <run_address>0x40</run_address>
         <size>0x20</size>
         <input_file_ref idref="fl-156"/>
      </object_component>
      <object_component id="oc-2c">
         <name>.debug_aranges</name>
         <load_address>0x60</load_address>
         <run_address>0x60</run_address>
         <size>0x38</size>
         <input_file_ref idref="fl-3"/>
      </object_component>
      <object_component id="oc-32">
         <name>.debug_aranges</name>
         <load_address>0x98</load_address>
         <run_address>0x98</run_address>
         <size>0x38</size>
         <input_file_ref idref="fl-154"/>
      </object_component>
      <object_component id="oc-3b">
         <name>.debug_aranges</name>
         <load_address>0xd0</load_address>
         <run_address>0xd0</run_address>
         <size>0x28</size>
         <input_file_ref idref="fl-146"/>
      </object_component>
      <object_component id="oc-40">
         <name>.debug_aranges</name>
         <load_address>0xf8</load_address>
         <run_address>0xf8</run_address>
         <size>0x20</size>
         <input_file_ref idref="fl-145"/>
      </object_component>
      <object_component id="oc-45">
         <name>.debug_aranges</name>
         <load_address>0x118</load_address>
         <run_address>0x118</run_address>
         <size>0x30</size>
         <input_file_ref idref="fl-135"/>
      </object_component>
      <object_component id="oc-4f">
         <name>.debug_aranges</name>
         <load_address>0x148</load_address>
         <run_address>0x148</run_address>
         <size>0x20</size>
         <input_file_ref idref="fl-13d"/>
      </object_component>
      <object_component id="oc-65">
         <name>.debug_aranges</name>
         <load_address>0x168</load_address>
         <run_address>0x168</run_address>
         <size>0x20</size>
         <input_file_ref idref="fl-156"/>
      </object_component>
      <object_component id="oc-6f">
         <name>.debug_aranges</name>
         <load_address>0x188</load_address>
         <run_address>0x188</run_address>
         <size>0x20</size>
         <input_file_ref idref="fl-137"/>
      </object_component>
      <object_component id="oc-75">
         <name>.debug_aranges</name>
         <load_address>0x1a8</load_address>
         <run_address>0x1a8</run_address>
         <size>0x20</size>
         <input_file_ref idref="fl-13a"/>
      </object_component>
      <object_component id="oc-7b">
         <name>.debug_aranges</name>
         <load_address>0x1c8</load_address>
         <run_address>0x1c8</run_address>
         <size>0x20</size>
         <input_file_ref idref="fl-13c"/>
      </object_component>
      <object_component id="oc-7f">
         <name>.debug_aranges</name>
         <load_address>0x1e8</load_address>
         <run_address>0x1e8</run_address>
         <size>0x20</size>
         <input_file_ref idref="fl-154"/>
      </object_component>
      <object_component id="oc-85">
         <name>.debug_aranges</name>
         <load_address>0x208</load_address>
         <run_address>0x208</run_address>
         <size>0x20</size>
         <input_file_ref idref="fl-139"/>
      </object_component>
      <object_component id="oc-91">
         <name>.debug_aranges</name>
         <load_address>0x228</load_address>
         <run_address>0x228</run_address>
         <size>0x20</size>
         <input_file_ref idref="fl-136"/>
      </object_component>
      <object_component id="oc-96">
         <name>.debug_aranges</name>
         <load_address>0x248</load_address>
         <run_address>0x248</run_address>
         <size>0x20</size>
         <input_file_ref idref="fl-138"/>
      </object_component>
      <object_component id="oc-9b">
         <name>.debug_aranges</name>
         <load_address>0x268</load_address>
         <run_address>0x268</run_address>
         <size>0x20</size>
         <input_file_ref idref="fl-154"/>
      </object_component>
      <object_component id="oc-a0">
         <name>.debug_aranges</name>
         <load_address>0x288</load_address>
         <run_address>0x288</run_address>
         <size>0x20</size>
         <input_file_ref idref="fl-14e"/>
      </object_component>
      <object_component id="oc-a8">
         <name>.debug_aranges</name>
         <load_address>0x2a8</load_address>
         <run_address>0x2a8</run_address>
         <size>0x20</size>
         <input_file_ref idref="fl-152"/>
      </object_component>
      <object_component id="oc-ac">
         <name>.debug_aranges</name>
         <load_address>0x2c8</load_address>
         <run_address>0x2c8</run_address>
         <size>0x20</size>
         <input_file_ref idref="fl-152"/>
      </object_component>
      <object_component id="oc-b3">
         <name>.debug_aranges</name>
         <load_address>0x2e8</load_address>
         <run_address>0x2e8</run_address>
         <size>0x20</size>
         <input_file_ref idref="fl-14f"/>
      </object_component>
      <object_component id="oc-b8">
         <name>.debug_aranges</name>
         <load_address>0x308</load_address>
         <run_address>0x308</run_address>
         <size>0x20</size>
         <input_file_ref idref="fl-14f"/>
      </object_component>
      <object_component id="oc-be">
         <name>.debug_aranges</name>
         <load_address>0x328</load_address>
         <run_address>0x328</run_address>
         <size>0x20</size>
         <input_file_ref idref="fl-151"/>
      </object_component>
      <object_component id="oc-c5">
         <name>.debug_aranges</name>
         <load_address>0x348</load_address>
         <run_address>0x348</run_address>
         <size>0x20</size>
         <input_file_ref idref="fl-150"/>
      </object_component>
      <object_component id="oc-ca">
         <name>.debug_aranges</name>
         <load_address>0x368</load_address>
         <run_address>0x368</run_address>
         <size>0x20</size>
         <input_file_ref idref="fl-151"/>
      </object_component>
      <object_component id="oc-d0">
         <name>.debug_aranges</name>
         <load_address>0x388</load_address>
         <run_address>0x388</run_address>
         <size>0x20</size>
         <input_file_ref idref="fl-151"/>
      </object_component>
      <object_component id="oc-d7">
         <name>.debug_aranges</name>
         <load_address>0x3a8</load_address>
         <run_address>0x3a8</run_address>
         <size>0x20</size>
         <input_file_ref idref="fl-14f"/>
      </object_component>
      <object_component id="oc-dc">
         <name>.debug_aranges</name>
         <load_address>0x3c8</load_address>
         <run_address>0x3c8</run_address>
         <size>0x20</size>
         <input_file_ref idref="fl-14e"/>
      </object_component>
      <object_component id="oc-e4">
         <name>.debug_aranges</name>
         <load_address>0x3e8</load_address>
         <run_address>0x3e8</run_address>
         <size>0x20</size>
         <input_file_ref idref="fl-150"/>
      </object_component>
      <object_component id="oc-e9">
         <name>.debug_aranges</name>
         <load_address>0x408</load_address>
         <run_address>0x408</run_address>
         <size>0x20</size>
         <input_file_ref idref="fl-14e"/>
      </object_component>
      <object_component id="oc-ef">
         <name>.debug_aranges</name>
         <load_address>0x428</load_address>
         <run_address>0x428</run_address>
         <size>0x20</size>
         <input_file_ref idref="fl-151"/>
      </object_component>
      <object_component id="oc-f5">
         <name>.debug_aranges</name>
         <load_address>0x448</load_address>
         <run_address>0x448</run_address>
         <size>0x20</size>
         <input_file_ref idref="fl-14e"/>
      </object_component>
      <object_component id="oc-fc">
         <name>.debug_aranges</name>
         <load_address>0x468</load_address>
         <run_address>0x468</run_address>
         <size>0x20</size>
         <input_file_ref idref="fl-14e"/>
      </object_component>
      <object_component id="oc-101">
         <name>.debug_aranges</name>
         <load_address>0x488</load_address>
         <run_address>0x488</run_address>
         <size>0x20</size>
         <input_file_ref idref="fl-14e"/>
      </object_component>
      <object_component id="oc-127">
         <name>.debug_aranges</name>
         <load_address>0x4a8</load_address>
         <run_address>0x4a8</run_address>
         <size>0x20</size>
         <input_file_ref idref="fl-147"/>
      </object_component>
      <object_component id="oc-14f">
         <name>.debug_aranges</name>
         <load_address>0x4c8</load_address>
         <run_address>0x4c8</run_address>
         <size>0x20</size>
         <input_file_ref idref="fl-149"/>
      </object_component>
      <object_component id="oc-15c">
         <name>.debug_aranges</name>
         <load_address>0x4e8</load_address>
         <run_address>0x4e8</run_address>
         <size>0x20</size>
         <input_file_ref idref="fl-154"/>
      </object_component>
      <object_component id="oc-17d">
         <name>.debug_aranges</name>
         <load_address>0x508</load_address>
         <run_address>0x508</run_address>
         <size>0x20</size>
         <input_file_ref idref="fl-151"/>
      </object_component>
      <object_component id="oc-183">
         <name>.debug_aranges</name>
         <load_address>0x528</load_address>
         <run_address>0x528</run_address>
         <size>0x20</size>
         <input_file_ref idref="fl-151"/>
      </object_component>
      <object_component id="oc-18a">
         <name>.debug_aranges</name>
         <load_address>0x548</load_address>
         <run_address>0x548</run_address>
         <size>0x20</size>
         <input_file_ref idref="fl-153"/>
      </object_component>
      <object_component id="oc-19b">
         <name>.debug_aranges</name>
         <load_address>0x568</load_address>
         <run_address>0x568</run_address>
         <size>0x20</size>
         <input_file_ref idref="fl-14e"/>
      </object_component>
      <object_component id="oc-1a1">
         <name>.debug_aranges</name>
         <load_address>0x588</load_address>
         <run_address>0x588</run_address>
         <size>0x20</size>
         <input_file_ref idref="fl-14e"/>
      </object_component>
      <object_component id="oc-1d1">
         <name>.debug_aranges</name>
         <load_address>0x5a8</load_address>
         <run_address>0x5a8</run_address>
         <size>0x20</size>
         <input_file_ref idref="fl-154"/>
      </object_component>
      <object_component id="oc-15">
         <name>.debug_line</name>
         <load_address>0x0</load_address>
         <run_address>0x0</run_address>
         <size>0x4f</size>
         <input_file_ref idref="fl-131"/>
      </object_component>
      <object_component id="oc-18">
         <name>.debug_line</name>
         <load_address>0x4f</load_address>
         <run_address>0x4f</run_address>
         <size>0x55</size>
         <input_file_ref idref="fl-155"/>
      </object_component>
      <object_component id="oc-26">
         <name>.debug_line</name>
         <load_address>0xa4</load_address>
         <run_address>0xa4</run_address>
         <size>0x4b</size>
         <input_file_ref idref="fl-156"/>
      </object_component>
      <object_component id="oc-2d">
         <name>.debug_line</name>
         <load_address>0xef</load_address>
         <run_address>0xef</run_address>
         <size>0x9b</size>
         <input_file_ref idref="fl-3"/>
      </object_component>
      <object_component id="oc-34">
         <name>.debug_line</name>
         <load_address>0x18a</load_address>
         <run_address>0x18a</run_address>
         <size>0x225</size>
         <input_file_ref idref="fl-154"/>
      </object_component>
      <object_component id="oc-36">
         <name>.debug_line</name>
         <load_address>0x3af</load_address>
         <run_address>0x3af</run_address>
         <size>0x41</size>
         <input_file_ref idref="fl-3"/>
      </object_component>
      <object_component id="oc-39">
         <name>.debug_line</name>
         <load_address>0x3f0</load_address>
         <run_address>0x3f0</run_address>
         <size>0x87</size>
         <input_file_ref idref="fl-146"/>
      </object_component>
      <object_component id="oc-41">
         <name>.debug_line</name>
         <load_address>0x477</load_address>
         <run_address>0x477</run_address>
         <size>0x50</size>
         <input_file_ref idref="fl-145"/>
      </object_component>
      <object_component id="oc-47">
         <name>.debug_line</name>
         <load_address>0x4c7</load_address>
         <run_address>0x4c7</run_address>
         <size>0x7a</size>
         <input_file_ref idref="fl-135"/>
      </object_component>
      <object_component id="oc-4e">
         <name>.debug_line</name>
         <load_address>0x541</load_address>
         <run_address>0x541</run_address>
         <size>0x88</size>
         <input_file_ref idref="fl-13d"/>
      </object_component>
      <object_component id="oc-56">
         <name>.debug_line</name>
         <load_address>0x5c9</load_address>
         <run_address>0x5c9</run_address>
         <size>0x3a</size>
         <input_file_ref idref="fl-155"/>
      </object_component>
      <object_component id="oc-61">
         <name>.debug_line</name>
         <load_address>0x603</load_address>
         <run_address>0x603</run_address>
         <size>0x8c</size>
         <input_file_ref idref="fl-156"/>
      </object_component>
      <object_component id="oc-6b">
         <name>.debug_line</name>
         <load_address>0x68f</load_address>
         <run_address>0x68f</run_address>
         <size>0x39</size>
         <input_file_ref idref="fl-156"/>
      </object_component>
      <object_component id="oc-70">
         <name>.debug_line</name>
         <load_address>0x6c8</load_address>
         <run_address>0x6c8</run_address>
         <size>0xa8</size>
         <input_file_ref idref="fl-137"/>
      </object_component>
      <object_component id="oc-77">
         <name>.debug_line</name>
         <load_address>0x770</load_address>
         <run_address>0x770</run_address>
         <size>0x58</size>
         <input_file_ref idref="fl-13a"/>
      </object_component>
      <object_component id="oc-79">
         <name>.debug_line</name>
         <load_address>0x7c8</load_address>
         <run_address>0x7c8</run_address>
         <size>0x56</size>
         <input_file_ref idref="fl-13c"/>
      </object_component>
      <object_component id="oc-82">
         <name>.debug_line</name>
         <load_address>0x81e</load_address>
         <run_address>0x81e</run_address>
         <size>0x85</size>
         <input_file_ref idref="fl-154"/>
      </object_component>
      <object_component id="oc-87">
         <name>.debug_line</name>
         <load_address>0x8a3</load_address>
         <run_address>0x8a3</run_address>
         <size>0x5a</size>
         <input_file_ref idref="fl-139"/>
      </object_component>
      <object_component id="oc-92">
         <name>.debug_line</name>
         <load_address>0x8fd</load_address>
         <run_address>0x8fd</run_address>
         <size>0xd2</size>
         <input_file_ref idref="fl-136"/>
      </object_component>
      <object_component id="oc-97">
         <name>.debug_line</name>
         <load_address>0x9cf</load_address>
         <run_address>0x9cf</run_address>
         <size>0x8e</size>
         <input_file_ref idref="fl-138"/>
      </object_component>
      <object_component id="oc-99">
         <name>.debug_line</name>
         <load_address>0xa5d</load_address>
         <run_address>0xa5d</run_address>
         <size>0x37f</size>
         <input_file_ref idref="fl-154"/>
      </object_component>
      <object_component id="oc-a3">
         <name>.debug_line</name>
         <load_address>0xddc</load_address>
         <run_address>0xddc</run_address>
         <size>0x6c</size>
         <input_file_ref idref="fl-14e"/>
      </object_component>
      <object_component id="oc-a5">
         <name>.debug_line</name>
         <load_address>0xe48</load_address>
         <run_address>0xe48</run_address>
         <size>0x67</size>
         <input_file_ref idref="fl-152"/>
      </object_component>
      <object_component id="oc-ae">
         <name>.debug_line</name>
         <load_address>0xeaf</load_address>
         <run_address>0xeaf</run_address>
         <size>0x6a</size>
         <input_file_ref idref="fl-152"/>
      </object_component>
      <object_component id="oc-b4">
         <name>.debug_line</name>
         <load_address>0xf19</load_address>
         <run_address>0xf19</run_address>
         <size>0xd2</size>
         <input_file_ref idref="fl-14f"/>
      </object_component>
      <object_component id="oc-ba">
         <name>.debug_line</name>
         <load_address>0xfeb</load_address>
         <run_address>0xfeb</run_address>
         <size>0x6d</size>
         <input_file_ref idref="fl-14f"/>
      </object_component>
      <object_component id="oc-c0">
         <name>.debug_line</name>
         <load_address>0x1058</load_address>
         <run_address>0x1058</run_address>
         <size>0x72</size>
         <input_file_ref idref="fl-151"/>
      </object_component>
      <object_component id="oc-c6">
         <name>.debug_line</name>
         <load_address>0x10ca</load_address>
         <run_address>0x10ca</run_address>
         <size>0x70</size>
         <input_file_ref idref="fl-150"/>
      </object_component>
      <object_component id="oc-cc">
         <name>.debug_line</name>
         <load_address>0x113a</load_address>
         <run_address>0x113a</run_address>
         <size>0x80</size>
         <input_file_ref idref="fl-151"/>
      </object_component>
      <object_component id="oc-d2">
         <name>.debug_line</name>
         <load_address>0x11ba</load_address>
         <run_address>0x11ba</run_address>
         <size>0x6c</size>
         <input_file_ref idref="fl-151"/>
      </object_component>
      <object_component id="oc-d8">
         <name>.debug_line</name>
         <load_address>0x1226</load_address>
         <run_address>0x1226</run_address>
         <size>0xc8</size>
         <input_file_ref idref="fl-14f"/>
      </object_component>
      <object_component id="oc-df">
         <name>.debug_line</name>
         <load_address>0x12ee</load_address>
         <run_address>0x12ee</run_address>
         <size>0x7d</size>
         <input_file_ref idref="fl-14e"/>
      </object_component>
      <object_component id="oc-e1">
         <name>.debug_line</name>
         <load_address>0x136b</load_address>
         <run_address>0x136b</run_address>
         <size>0x99</size>
         <input_file_ref idref="fl-150"/>
      </object_component>
      <object_component id="oc-e7">
         <name>.debug_line</name>
         <load_address>0x1404</load_address>
         <run_address>0x1404</run_address>
         <size>0x6b</size>
         <input_file_ref idref="fl-14e"/>
      </object_component>
      <object_component id="oc-f1">
         <name>.debug_line</name>
         <load_address>0x146f</load_address>
         <run_address>0x146f</run_address>
         <size>0x6b</size>
         <input_file_ref idref="fl-151"/>
      </object_component>
      <object_component id="oc-f7">
         <name>.debug_line</name>
         <load_address>0x14da</load_address>
         <run_address>0x14da</run_address>
         <size>0x6b</size>
         <input_file_ref idref="fl-14e"/>
      </object_component>
      <object_component id="oc-fa">
         <name>.debug_line</name>
         <load_address>0x1545</load_address>
         <run_address>0x1545</run_address>
         <size>0x6b</size>
         <input_file_ref idref="fl-14e"/>
      </object_component>
      <object_component id="oc-104">
         <name>.debug_line</name>
         <load_address>0x15b0</load_address>
         <run_address>0x15b0</run_address>
         <size>0x6b</size>
         <input_file_ref idref="fl-14e"/>
      </object_component>
      <object_component id="oc-109">
         <name>.debug_line</name>
         <load_address>0x161b</load_address>
         <run_address>0x161b</run_address>
         <size>0x44</size>
         <input_file_ref idref="fl-154"/>
      </object_component>
      <object_component id="oc-10e">
         <name>.debug_line</name>
         <load_address>0x165f</load_address>
         <run_address>0x165f</run_address>
         <size>0x2d</size>
         <input_file_ref idref="fl-154"/>
      </object_component>
[...]
      </memory_area>
      <memory_area display="yes" color="green">
         <name>SRAM</name>
         <page_id>0x0</page_id>
         <origin>0x20000000</origin>
         <length>0x8000</length>
         <used_space>0x2a10</used_space>
         <unused_space>0x55f0</unused_space>
         <attributes>RWX</attributes>
         <usage_details>
            <allocated_space>
               <start_address>0x20000000</start_address>
               <size>0x2710</size>
               <logical_group_ref idref="lg-d"/>
            </allocated_space>
            <allocated_space>
               <start_address>0x20002710</start_address>
               <size>0x300</size>
               <logical_group_ref idref="lg-a"/>
            </allocated_space>
            <available_space>
               <start_address>0x20002a10</start_address>
               <size>0x55f0</size>
            </available_space>
         </usage_details>
      </memory_area>
   </placement_map>
   <cptbl_list>
      <cptbl>
         <name>__TI_cinit_table</name>
         <cprec>
            <name>.data</name>
            <load_address>0x1e30</load_address>
            <load_size>0x90</load_size>
            <run_address>0x20002710</run_address>
            <run_size>0x300</run_size>
            <compression>rle</compression>
         </cprec>
      </cptbl>
   </cptbl_list>
   <handler_table>
      <handler_table_name>__TI_handler_table</handler_table_name>
      <handler>
         <index>0x0</index>
         <name>__TI_decompress_rle24</name>
      </handler>
      <handler>
         <index>0x1</index>
         <name>__TI_decompress_none</name>
      </handler>
   </handler_table>
   <symbol_table>
      <symbol id="sm-1">
         <name>__STACK_TOP</name>
         <value>0x20002710</value>
      </symbol>
      <symbol id="sm-2">
         <name>__TI_CINIT_Base</name>
         <value>0x1ec8</value>
      </symbol>
      <symbol id="sm-3">
         <name>__TI_CINIT_Limit</name>
         <value>0x1ed0</value>
      </symbol>
      <symbol id="sm-4">
         <name>__TI_Handler_Table_Base</name>
         <value>0x1ec0</value>
      </symbol>
      <symbol id="sm-5">
         <name>__TI_Handler_Table_Limit</name>
         <value>0x1ec8</value>
      </symbol>
      <symbol id="sm-6">
         <name>binit</name>
         <value>0xffffffff</value>
      </symbol>
      <symbol id="sm-7">
         <name>__binit__</name>
         <value>0xffffffff</value>
      </symbol>
      <symbol id="sm-8">
         <name>__STACK_SIZE</name>
         <value>0x2710</value>
      </symbol>
      <symbol id="sm-9">
         <name>__STACK_END</name>
         <value>0x20002710</value>
      </symbol>
      <symbol id="sm-a">
         <name>__c_args__</name>
         <value>0xffffffff</value>
      </symbol>
      <symbol id="sm-43">
         <name>ResetISR</name>
         <value>0x1c55</value>
         <object_component_ref idref="oc-29"/>
      </symbol>
      <symbol id="sm-44">
         <name>g_pfnVectors</name>
         <value>0x0</value>
         <object_component_ref idref="oc-e"/>
      </symbol>
      <symbol id="sm-54">
         <name>_c_int00</name>
         <value>0x196d</value>
         <object_component_ref idref="oc-11"/>
      </symbol>
      <symbol id="sm-55">
         <name>__stack</name>
         <value>0x20000000</value>
         <object_component_ref idref="oc-28"/>
      </symbol>
      <symbol id="sm-74">
         <name>C$$EXIT</name>
         <value>0x1a41</value>
         <object_component_ref idref="oc-43"/>
      </symbol>
      <symbol id="sm-75">
         <name>abort</name>
         <value>0x1a45</value>
         <object_component_ref idref="oc-43"/>
      </symbol>
      <symbol id="sm-76">
         <name>exit</name>
         <value>0x1a4d</value>
         <object_component_ref idref="oc-43"/>
      </symbol>
      <symbol id="sm-77">
         <name>__TI_dtors_ptr</name>
         <value>0x200029fc</value>
         <object_component_ref idref="oc-130"/>
      </symbol>
      <symbol id="sm-78">
         <name>__TI_cleanup_ptr</name>
         <value>0x200029f8</value>
         <object_component_ref idref="oc-130"/>
      </symbol>
      <symbol id="sm-8f">
         <name>__aeabi_dsub</name>
         <value>0xec1</value>
         <object_component_ref idref="oc-8e"/>
      </symbol>
      <symbol id="sm-90">
         <name>__aeabi_dadd</name>
         <value>0xecb</value>
         <object_component_ref idref="oc-8e"/>
      </symbol>
      <symbol id="sm-a4">
         <name>__aeabi_ddiv</name>
         <value>0x1077</value>
         <object_component_ref idref="oc-6e"/>
      </symbol>
      <symbol id="sm-af">
         <name>__aeabi_dmul</name>
         <value>0x13e1</value>
         <object_component_ref idref="oc-93"/>
      </symbol>
      <symbol id="sm-b9">
         <name>__aeabi_d2iz</name>
         <value>0x19b5</value>
         <object_component_ref idref="oc-83"/>
      </symbol>
      <symbol id="sm-c3">
         <name>__aeabi_d2f</name>
         <value>0x18db</value>
         <object_component_ref idref="oc-73"/>
      </symbol>
      <symbol id="sm-ce">
         <name>__aeabi_f2d</name>
         <value>0x1b01</value>
         <object_component_ref idref="oc-78"/>
      </symbol>
      <symbol id="sm-e9">
         <name>memcpy</name>
         <value>0x1665</value>
         <object_component_ref idref="oc-4d"/>
      </symbol>
      <symbol id="sm-ea">
         <name>__aeabi_memcpy</name>
         <value>0x1665</value>
         <object_component_ref idref="oc-4d"/>
      </symbol>
      <symbol id="sm-eb">
         <name>__aeabi_memcpy8</name>
         <value>0x1665</value>
         <object_component_ref idref="oc-4d"/>
      </symbol>
      <symbol id="sm-ec">
         <name>__aeabi_memcpy4</name>
         <value>0x1665</value>
         <object_component_ref idref="oc-4d"/>
      </symbol>
      <symbol id="sm-100">
         <name>_args_main</name>
         <value>0x1bcd</value>
         <object_component_ref idref="oc-3d"/>
      </symbol>
      <symbol id="sm-11d">
         <name>__TI_auto_init</name>
         <value>0x1701</value>
         <object_component_ref idref="oc-38"/>
      </symbol>
      <symbol id="sm-13b">
         <name>copy_in</name>
         <value>0x19fd</value>
         <object_component_ref idref="oc-124"/>
      </symbol>
      <symbol id="sm-14d">
         <name>__aeabi_cdcmpeq</name>
         <value>0x1795</value>
         <object_component_ref idref="oc-14d"/>
      </symbol>
      <symbol id="sm-14e">
         <name>__aeabi_cdcmple</name>
         <value>0x1795</value>
         <object_component_ref idref="oc-14d"/>
      </symbol>
      <symbol id="sm-1a6">
         <name>UARTConfigSetExpClk</name>
         <value>0x1a85</value>
         <object_component_ref idref="oc-da"/>
      </symbol>
      <symbol id="sm-1a7">
         <name>UARTDisable</name>
         <value>0x1b99</value>
         <object_component_ref idref="oc-199"/>
      </symbol>
      <symbol id="sm-1a8">
         <name>UARTIntEnable</name>
         <value>0x1c7f</value>
         <object_component_ref idref="oc-e6"/>
      </symbol>
      <symbol id="sm-1a9">
         <name>UARTCharGetNonBlocking</name>
         <value>0x1c2d</value>
         <object_component_ref idref="oc-ff"/>
      </symbol>
      <symbol id="sm-1aa">
         <name>UARTCharPut</name>
         <value>0x1c6b</value>
         <object_component_ref idref="oc-9e"/>
      </symbol>
      <symbol id="sm-1ab">
         <name>UARTEnable</name>
         <value>0x1be5</value>
         <object_component_ref idref="oc-19f"/>
      </symbol>
      <symbol id="sm-1ac">
         <name>UARTIntClear</name>
         <value>0x1c99</value>
         <object_component_ref idref="oc-f9"/>
      </symbol>
      <symbol id="sm-1ad">
         <name>UARTIntStatus</name>
         <value>0x1c75</value>
         <object_component_ref idref="oc-f3"/>
      </symbol>
      <symbol id="sm-1fd">
         <name>SysCtlClockSet</name>
         <value>0x12dd</value>
         <object_component_ref idref="oc-b0"/>
      </symbol>
      <symbol id="sm-1fe">
         <name>SysCtlDelay</name>
         <value>0x1c8d</value>
         <object_component_ref idref="oc-ec"/>
      </symbol>
      <symbol id="sm-1ff">
         <name>SysCtlPeripheralEnable</name>
         <value>0x1b39</value>
         <object_component_ref idref="oc-b6"/>
      </symbol>
      <symbol id="sm-200">
         <name>SysCtlClockGet</name>
         <value>0x14dd</value>
         <object_component_ref idref="oc-d4"/>
      </symbol>
      <symbol id="sm-22e">
         <name>IntEnable</name>
         <value>0x181d</value>
         <object_component_ref idref="oc-e0"/>
      </symbol>
      <symbol id="sm-22f">
         <name>IntMasterEnable</name>
         <value>0x1c61</value>
         <object_component_ref idref="oc-c2"/>
      </symbol>
      <symbol id="sm-277">
         <name>GPIOPinConfigure</name>
         <value>0x1925</value>
         <object_component_ref idref="oc-c8"/>
      </symbol>
      <symbol id="sm-278">
         <name>GPIOPinTypeUART</name>
         <value>0x1bf9</value>
         <object_component_ref idref="oc-ce"/>
      </symbol>
      <symbol id="sm-279">
         <name>GPIOPinTypeGPIOOutput</name>
         <value>0x1bb5</value>
         <object_component_ref idref="oc-bc"/>
      </symbol>
      <symbol id="sm-27a">
         <name>GPIODirModeSet</name>
         <value>0x1b6d</value>
         <object_component_ref idref="oc-181"/>
      </symbol>
      <symbol id="sm-27b">
         <name>GPIOPinWrite</name>
         <value>0x1c87</value>
         <object_component_ref idref="oc-ed"/>
      </symbol>
      <symbol id="sm-27c">
         <name>GPIOPadConfigSet</name>
         <value>0x11ad</value>
         <object_component_ref idref="oc-17b"/>
      </symbol>
      <symbol id="sm-292">
         <name>FPULazyStackingEnable</name>
         <value>0x1c1d</value>
         <object_component_ref idref="oc-aa"/>
      </symbol>
      <symbol id="sm-293">
         <name>FPUEnable</name>
         <value>0x1c0d</value>
         <object_component_ref idref="oc-a4"/>
      </symbol>
      <symbol id="sm-29d">
         <name>CPUcpsie</name>
         <value>0x1c49</value>
         <object_component_ref idref="oc-188"/>
      </symbol>
      <symbol id="sm-399">
         <name>_Rteps</name>
         <value>0x200029b0</value>
         <object_component_ref idref="oc-160"/>
      </symbol>
      <symbol id="sm-39a">
         <name>GUI_Value</name>
         <value>0x200027d0</value>
         <object_component_ref idref="oc-8b"/>
      </symbol>
      <symbol id="sm-39b">
         <name>_Zero</name>
         <value>0x200029c8</value>
         <object_component_ref idref="oc-160"/>
      </symbol>
      <symbol id="sm-39c">
         <name>Vy</name>
         <value>0x200027c0</value>
         <object_component_ref idref="oc-8b"/>
      </symbol>
      <symbol id="sm-39d">
         <name>Vx</name>
         <value>0x200027b0</value>
         <object_component_ref idref="oc-8b"/>
      </symbol>
      <symbol id="sm-39e">
         <name>GUI_Junk_End</name>
         <value>0x20002724</value>
         <object_component_ref idref="oc-8b"/>
      </symbol>
      <symbol id="sm-39f">
         <name>_Hugeval</name>
         <value>0x20002990</value>
         <object_component_ref idref="oc-160"/>
      </symbol>
      <symbol id="sm-3a0">
         <name>GUI_Junk_Start</name>
         <value>0x20002720</value>
         <object_component_ref idref="oc-8b"/>
      </symbol>
      <symbol id="sm-3a1">
         <name>Ry</name>
         <value>0x20002800</value>
         <object_component_ref idref="oc-8b"/>
      </symbol>
      <symbol id="sm-3a2">
         <name>Rx</name>
         <value>0x200027e0</value>
         <object_component_ref idref="oc-8b"/>
      </symbol>
      <symbol id="sm-3a3">
         <name>_nop</name>
         <value>0x9c3</value>
         <object_component_ref idref="oc-1cf"/>
      </symbol>
      <symbol id="sm-3a4">
         <name>floor</name>
         <value>0x15a5</value>
         <object_component_ref idref="oc-7d"/>
      </symbol>
      <symbol id="sm-3a5">
         <name>Py</name>
         <value>0x200027a0</value>
         <object_component_ref idref="oc-8b"/>
      </symbol>
      <symbol id="sm-3a6">
         <name>Px</name>
         <value>0x20002790</value>
         <object_component_ref idref="oc-8b"/>
      </symbol>
      <symbol id="sm-3a7">
         <name>_Snan</name>
         <value>0x200029a0</value>
         <object_component_ref idref="oc-160"/>
      </symbol>
      <symbol id="sm-3a8">
         <name>Collection_Done</name>
         <value>0x20002748</value>
         <object_component_ref idref="oc-8b"/>
      </symbol>
      <symbol id="sm-3a9">
         <name>M</name>
         <value>0x20002780</value>
         <object_component_ref idref="oc-8b"/>
      </symbol>
      <symbol id="sm-3aa">
         <name>G</name>
         <value>0x20002758</value>
         <object_component_ref idref="oc-8b"/>
      </symbol>
      <symbol id="sm-3ab">
         <name>F</name>
         <value>0x20002860</value>
         <object_component_ref idref="oc-8b"/>
      </symbol>
      <symbol id="sm-3ac">
         <name>D</name>
         <value>0x20002840</value>
         <object_component_ref idref="oc-8b"/>
      </symbol>
      <symbol id="sm-3ad">
         <name>_Errno</name>
         <value>0x20002a08</value>
         <object_component_ref idref="oc-166"/>
      </symbol>
      <symbol id="sm-3ae">
         <name>_Nan</name>
         <value>0x200029d0</value>
         <object_component_ref idref="oc-160"/>
      </symbol>
      <symbol id="sm-3af">
         <name>_Inf</name>
         <value>0x200029e0</value>
         <object_component_ref idref="oc-160"/>
      </symbol>
      <symbol id="sm-3b0">
         <name>UARTIntHandler</name>
         <value>0x931</value>
         <object_component_ref idref="oc-2f"/>
      </symbol>
      <symbol id="sm-3b1">
         <name>Collection_Start</name>
         <value>0x20002744</value>
         <object_component_ref idref="oc-8b"/>
      </symbol>
      <symbol id="sm-3b2">
         <name>main</name>
         <value>0x6fd</value>
         <object_component_ref idref="oc-2f"/>
      </symbol>
      <symbol id="sm-3b3">
         <name>_Xbig</name>
         <value>0x200029c0</value>
         <object_component_ref idref="oc-160"/>
      </symbol>
      <symbol id="sm-3b4">
         <name>_lock</name>
         <value>0x200029f0</value>
         <object_component_ref idref="oc-12d"/>
      </symbol>
      <symbol id="sm-3b5">
         <name>Delay_Divide</name>
         <value>0x20002728</value>
         <object_component_ref idref="oc-8b"/>
      </symbol>
      <symbol id="sm-3b6">
         <name>EarthOrbitCount</name>
         <value>0x20002734</value>
         <object_component_ref idref="oc-8b"/>
      </symbol>
      <symbol id="sm-3b7">
         <name>_Eps</name>
         <value>0x20002980</value>
         <object_component_ref idref="oc-160"/>
      </symbol>
      <symbol id="sm-3b8">
         <name>Fy</name>
         <value>0x200028a0</value>
         <object_component_ref idref="oc-8b"/>
      </symbol>
      <symbol id="sm-3b9">
         <name>Fx</name>
         <value>0x20002880</value>
         <object_component_ref idref="oc-8b"/>
      </symbol>
      <symbol id="sm-3ba">
         <name>_unlock</name>
         <value>0x200029f4</value>
         <object_component_ref idref="oc-12d"/>
      </symbol>
      <symbol id="sm-3bb">
         <name>Calc_Iteration</name>
         <value>0x20002710</value>
         <object_component_ref idref="oc-8b"/>
      </symbol>
      <symbol id="sm-3bc">
         <name>dVy</name>
         <value>0x20002770</value>
         <object_component_ref idref="oc-8b"/>
      </symbol>
      <symbol id="sm-3bd">
         <name>dVx</name>
         <value>0x20002760</value>
         <object_component_ref idref="oc-8b"/>
      </symbol>
      <symbol id="sm-3be">
         <name>Calc_Force_Update_Pixel</name>
         <value>0x315</value>
         <object_component_ref idref="oc-2f"/>
      </symbol>
      <symbol id="sm-3bf">
         <name>Int_S1</name>
         <value>0x2000273c</value>
         <object_component_ref idref="oc-8b"/>
      </symbol>
      <symbol id="sm-3c0">
         <name>Int_S3</name>
         <value>0x2000273f</value>
         <object_component_ref idref="oc-8b"/>
      </symbol>
      <symbol id="sm-3c1">
         <name>Int_S2</name>
         <value>0x2000273d</value>
         <object_component_ref idref="oc-8b"/>
      </symbol>
      <symbol id="sm-3c2">
         <name>Computation_Visualization</name>
         <value>0x20002738</value>
         <object_component_ref idref="oc-8b"/>
      </symbol>
      <symbol id="sm-3c3">
         <name>_Denorm</name>
         <value>0x20002970</value>
         <object_component_ref idref="oc-160"/>
      </symbol>
      <symbol id="sm-3c4">
         <name>Dsq</name>
         <value>0x20002820</value>
         <object_component_ref idref="oc-8b"/>
      </symbol>
      <symbol id="sm-3c5">
         <name>_Tls_setup__Fenv</name>
         <value>0x20002a04</value>
         <object_component_ref idref="oc-163"/>
      </symbol>
      <symbol id="sm-3c6">
         <name>main_func_sp</name>
         <value>0x20002a0c</value>
         <object_component_ref idref="oc-49"/>
      </symbol>
      <symbol id="sm-3c7">
         <name>_Fenv</name>
         <value>0x20002a00</value>
         <object_component_ref idref="oc-163"/>
      </symbol>
      <symbol id="sm-3c8">
         <name>Send_Interation</name>
         <value>0x20002714</value>
         <object_component_ref idref="oc-8b"/>
      </symbol>
      <symbol id="sm-3c9">
         <name>sqrt</name>
         <value>0x9c5</value>
         <object_component_ref idref="oc-98"/>
      </symbol>
      <symbol id="sm-3ca">
         <name>ch</name>
         <value>0x2000271c</value>
         <object_component_ref idref="oc-8b"/>
      </symbol>
      <symbol id="sm-3cb">
         <name>Count</name>
         <value>0x2000272c</value>
         <object_component_ref idref="oc-8b"/>
      </symbol>
      <symbol id="sm-3cc">
         <name>Star_End</name>
         <value>0x20002718</value>
         <object_component_ref idref="oc-8b"/>
      </symbol>
      <symbol id="sm-3cd">
         <name>IterationCount</name>
         <value>0x20002730</value>
         <object_component_ref idref="oc-8b"/>
      </symbol>
      <symbol id="sm-3ce">
         <name>Covert_Into_Pixel</name>
         <value>0x26d</value>
         <object_component_ref idref="oc-2f"/>
      </symbol>
      <symbol id="sm-3cf">
         <name>Break</name>
         <value>0x20002750</value>
         <object_component_ref idref="oc-8b"/>
      </symbol>
      <symbol id="sm-3d0">
         <name>Collection_Index</name>
         <value>0x2000274c</value>
         <object_component_ref idref="oc-8b"/>
      </symbol>
      <symbol id="sm-3d1">
         <name>signal</name>
         <value>0x1ac5</value>
         <object_component_ref idref="oc-15a"/>
      </symbol>
      <symbol id="sm-3e8">
         <name>__TI_decompress_none</name>
         <value>0x1c3b</value>
         <object_component_ref idref="oc-16"/>
      </symbol>
      <symbol id="sm-40c">
         <name>__TI_decompress_rle24</name>
         <value>0x1c93</value>
         <object_component_ref idref="oc-22"/>
      </symbol>
      <symbol id="sm-40e">
         <name>__TI_static_base__</name>
         <value>0x0</value>
      </symbol>
      <symbol id="sm-40f">
         <name>__TI_args_main</name>
         <value>0x1</value>
      </symbol>
      <symbol id="sm-410">
         <name>SHT$$INIT_ARRAY$$Limit</name>
         <value>0x0</value>
      </symbol>
      <symbol id="sm-411">
         <name>SHT$$INIT_ARRAY$$Base</name>
         <value>0x0</value>
      </symbol>
   </symbol_table>
   <title>Link successful</title>
</link_info>
